<?xml version="1.0" encoding="UTF-8"?>
<testsuites name="jest tests" tests="124" failures="0" errors="0" time="6.737">
  <testsuite name="tcprtubridge_test.tsx" errors="0" failures="0" skipped="0" timestamp="2025-10-21T12:59:40" time="3.298" tests="11">
    <testcase classname="tcprtubridge_test.tsx" name="getCoil" time="0.002">
    </testcase>
    <testcase classname="tcprtubridge_test.tsx" name="getDiscreteInput" time="0">
    </testcase>
    <testcase classname="tcprtubridge_test.tsx" name="setCoil" time="0">
    </testcase>
    <testcase classname="tcprtubridge_test.tsx" name="setRegister" time="0">
    </testcase>
    <testcase classname="tcprtubridge_test.tsx" name="getHoldingRegister" time="0">
    </testcase>
    <testcase classname="tcprtubridge_test.tsx" name="getInputRegister" time="0">
    </testcase>
    <testcase classname="tcprtubridge_test.tsx" name="getMultipleHoldingRegisters" time="0.001">
    </testcase>
    <testcase classname="tcprtubridge_test.tsx" name="getMultipleInputRegisters" time="0.002">
    </testcase>
    <testcase classname="tcprtubridge_test.tsx" name="live readHoldingRegisters" time="0.008">
    </testcase>
    <testcase classname="tcprtubridge_test.tsx" name="live readDiscreteInputs" time="0.003">
    </testcase>
    <testcase classname="tcprtubridge_test.tsx" name="live writeHoldingRegister" time="0.003">
    </testcase>
  </testsuite>
  <testsuite name="modbusserial_test.tsx" errors="0" failures="0" skipped="1" timestamp="2025-10-21T12:59:40" time="3.447" tests="1">
    <testcase classname="modbusserial_test.tsx" name="For hardware test only modbus write" time="0">
      <skipped/>
    </testcase>
  </testsuite>
  <testsuite name="m2mgithubValidate_test.tsx" errors="0" failures="0" skipped="1" timestamp="2025-10-21T12:59:40" time="3.487" tests="1">
    <testcase classname="m2mgithubValidate_test.tsx" name="validate test requires GITHUB_TOKEN" time="0">
      <skipped/>
    </testcase>
  </testsuite>
  <testsuite name="m2mspecification_test.tsx" errors="0" failures="0" skipped="1" timestamp="2025-10-21T12:59:40" time="3.627" tests="6">
    <testcase classname="m2mspecification_test.tsx" name="copyModbusDataToEntity  identifiation string identified" time="0.003">
    </testcase>
    <testcase classname="m2mspecification_test.tsx" name="validation: Find a specification for the given test data" time="0.001">
    </testcase>
    <testcase classname="m2mspecification_test.tsx" name="validation: readWrite FunctionCode instead of read" time="0.001">
    </testcase>
    <testcase classname="m2mspecification_test.tsx" name="validation: Find no specification for the given test data" time="0">
    </testcase>
    <testcase classname="m2mspecification_test.tsx" name="closeContribution need github access" time="0">
      <skipped/>
    </testcase>
    <testcase classname="m2mspecification_test.tsx" name="startPolling" time="1.127">
    </testcase>
  </testsuite>
  <testsuite name="mqttpoller_test.tsx" errors="0" failures="0" skipped="0" timestamp="2025-10-21T12:59:43" time="0.42" tests="3">
    <testcase classname="mqttpoller_test.tsx" name="poll" time="0.007">
    </testcase>
    <testcase classname="mqttpoller_test.tsx" name="poll with processing=true for all slaves" time="0.014">
    </testcase>
    <testcase classname="mqttpoller_test.tsx" name="poll with processing= true for first Slave" time="0">
    </testcase>
  </testsuite>
  <testsuite name="httpserver_slaveservice.tsx" errors="0" failures="0" skipped="0" timestamp="2025-10-21T12:59:43" time="0.657" tests="3">
    <testcase classname="httpserver_slaveservice.tsx" name="GET state topic" time="0.031">
    </testcase>
    <testcase classname="httpserver_slaveservice.tsx" name="GET command Entity topic" time="0.003">
    </testcase>
    <testcase classname="httpserver_slaveservice.tsx" name="POST command topic" time="0.016">
    </testcase>
  </testsuite>
  <testsuite name="configSpecification_test.tsx" errors="0" failures="0" skipped="1" timestamp="2025-10-21T12:59:40" time="3.952" tests="10">
    <testcase classname="configSpecification_test.tsx" name="check device type status" time="0.048">
    </testcase>
    <testcase classname="configSpecification_test.tsx" name="write/Migrate" time="0.027">
    </testcase>
    <testcase classname="configSpecification_test.tsx" name="write cloned file" time="0.03">
    </testcase>
    <testcase classname="configSpecification_test.tsx" name="getFileNameFromName remove non ascii characters" time="0">
    </testcase>
    <testcase classname="configSpecification_test.tsx" name="getSpecificationI18nName " time="0.015">
    </testcase>
    <testcase classname="configSpecification_test.tsx" name="add new specification, add files, set filename" time="0.015">
    </testcase>
    <testcase classname="configSpecification_test.tsx" name="contribution" time="0.022">
    </testcase>
    <testcase classname="configSpecification_test.tsx" name="contribution cloned" time="0.013">
    </testcase>
    <testcase classname="configSpecification_test.tsx" name="importSpecificationZip existing Specification" time="0">
      <skipped/>
    </testcase>
    <testcase classname="configSpecification_test.tsx" name="importSpecificationZip " time="0.073">
    </testcase>
  </testsuite>
  <testsuite name="modbus_test.tsx" errors="0" failures="0" skipped="1" timestamp="2025-10-21T12:59:43" time="0.406" tests="8">
    <testcase classname="modbus_test.tsx" name="Modbus read" time="0.023">
    </testcase>
    <testcase classname="modbus_test.tsx" name="Modbus read Entity identifiation unknown" time="0.023">
    </testcase>
    <testcase classname="modbus_test.tsx" name="Modbus read Entity identifiation identified" time="0">
    </testcase>
    <testcase classname="modbus_test.tsx" name="Modbus read Entity identifiation Iselect identified" time="0">
    </testcase>
    <testcase classname="modbus_test.tsx" name="Modbus read Entity identifiation string not identified" time="0.001">
    </testcase>
    <testcase classname="modbus_test.tsx" name="Modbus read Entity identifiation string identified" time="0">
    </testcase>
    <testcase classname="modbus_test.tsx" name="Modbus modbusDataToSpec spec.identified = identified" time="0">
      <skipped/>
    </testcase>
    <testcase classname="modbus_test.tsx" name="Modbus writeEntityMqtt" time="0.01">
    </testcase>
  </testsuite>
  <testsuite name="convertermap_test.tsx" errors="0" failures="0" skipped="0" timestamp="2025-10-21T12:59:44" time="0.079" tests="16">
    <testcase classname="convertermap_test.tsx" name="test sensor converter" time="0">
    </testcase>
    <testcase classname="convertermap_test.tsx" name="test sensor converter with stringlength" time="0">
    </testcase>
    <testcase classname="convertermap_test.tsx" name="test binary_sensor converter" time="0.001">
    </testcase>
    <testcase classname="convertermap_test.tsx" name="test select_sensor converter" time="0">
    </testcase>
    <testcase classname="convertermap_test.tsx" name="test text_sensor converter" time="0">
    </testcase>
    <testcase classname="convertermap_test.tsx" name="test value_sensor converter" time="0">
    </testcase>
    <testcase classname="convertermap_test.tsx" name="test text converter" time="0.001">
    </testcase>
    <testcase classname="convertermap_test.tsx" name="test number converter ignore decimal places when returning float" time="0">
    </testcase>
    <testcase classname="convertermap_test.tsx" name="test number float" time="0">
    </testcase>
    <testcase classname="convertermap_test.tsx" name="test number signed int16" time="0.001">
    </testcase>
    <testcase classname="convertermap_test.tsx" name="test number signed int32 - positive" time="0.008">
    </testcase>
    <testcase classname="convertermap_test.tsx" name="test number signed int32 - positive max" time="0">
    </testcase>
    <testcase classname="convertermap_test.tsx" name="test number signed int32 - negative" time="0">
    </testcase>
    <testcase classname="convertermap_test.tsx" name="test number unsigned int32 - max" time="0.001">
    </testcase>
    <testcase classname="convertermap_test.tsx" name="test select converter" time="0">
    </testcase>
    <testcase classname="convertermap_test.tsx" name="test button converter" time="0">
    </testcase>
  </testsuite>
  <testsuite name="modbusAPI_test.tsx" errors="0" failures="0" skipped="0" timestamp="2025-10-21T12:59:43" time="0.714" tests="7">
    <testcase classname="modbusAPI_test.tsx" name="Bus getSpecsForDevice" time="0.015">
    </testcase>
    <testcase classname="modbusAPI_test.tsx" name="Modbus getAvailableSpecs with specific slaveId no results 0-3" time="0.001">
    </testcase>
    <testcase classname="modbusAPI_test.tsx" name="read Discrete Inputs success, Illegal Address" time="0.036">
    </testcase>
    <testcase classname="modbusAPI_test.tsx" name="read HoldingRegisters success, Illegal Address" time="0.04">
    </testcase>
    <testcase classname="modbusAPI_test.tsx" name="read readInputRegisters success, Illegal Address" time="0.029">
    </testcase>
    <testcase classname="modbusAPI_test.tsx" name="writeHoldingRegisters success, Illegal Address" time="0.012">
    </testcase>
    <testcase classname="modbusAPI_test.tsx" name="writeCoils success, Illegal Address" time="0.025">
    </testcase>
  </testsuite>
  <testsuite name="bus_test.tsx" errors="0" failures="0" skipped="0" timestamp="2025-10-21T12:59:44" time="0.277" tests="3">
    <testcase classname="bus_test.tsx" name="read slaves/delete slave/addSlave/read slave" time="0.012">
    </testcase>
    <testcase classname="bus_test.tsx" name="Bus getSpecsForDevice" time="0.036">
    </testcase>
    <testcase classname="bus_test.tsx" name="Modbus getAvailableSpecs with specific slaveId no results 0-3" time="0.001">
    </testcase>
  </testsuite>
  <testsuite name="ModbusRTUProcessor_test.tsx" errors="0" failures="0" skipped="0" timestamp="2025-10-21T12:59:44" time="0.23" tests="2">
    <testcase classname="ModbusRTUProcessor_test.tsx" name="prepare" time="0">
    </testcase>
    <testcase classname="ModbusRTUProcessor_test.tsx" name="execute" time="0.11">
    </testcase>
  </testsuite>
  <testsuite name="Ientity_test.tsx" errors="0" failures="0" skipped="0" timestamp="2025-10-21T12:59:44" time="0.027" tests="2">
    <testcase classname="Ientity_test.tsx" name="test cleanParameterType" time="0">
    </testcase>
    <testcase classname="Ientity_test.tsx" name="test removeModbusData" time="0">
    </testcase>
  </testsuite>
  <testsuite name="m2mgithub_test.tsx" errors="0" failures="0" skipped="2" timestamp="2025-10-21T12:59:44" time="0.136" tests="4">
    <testcase classname="m2mgithub_test.tsx" name="checkFiles files.yaml exists, other file is missing=&gt; OK" time="0.001">
    </testcase>
    <testcase classname="m2mgithub_test.tsx" name="checkFiles files.yaml does not exist =&gt; Exception" time="0.017">
    </testcase>
    <testcase classname="m2mgithub_test.tsx" name="init with no github token" time="0">
      <skipped/>
    </testcase>
    <testcase classname="m2mgithub_test.tsx" name="init" time="0">
      <skipped/>
    </testcase>
  </testsuite>
  <testsuite name="mqttdiscover_test.tsx" errors="0" failures="0" skipped="2" timestamp="2025-10-21T12:59:44" time="0.283" tests="9">
    <testcase classname="mqttdiscover_test.tsx" name="Discover" time="0.001">
    </testcase>
    <testcase classname="mqttdiscover_test.tsx" name="validateConnection success" time="0">
      <skipped/>
    </testcase>
    <testcase classname="mqttdiscover_test.tsx" name="validateConnection invalid port" time="0">
      <skipped/>
    </testcase>
    <testcase classname="mqttdiscover_test.tsx" name="selectConverter adds modbusValue to statePayload" time="0">
    </testcase>
    <testcase classname="mqttdiscover_test.tsx" name="onCommandTopic" time="0.001">
    </testcase>
    <testcase classname="mqttdiscover_test.tsx" name="onMessage TriggerPollTopic from this app" time="0">
    </testcase>
    <testcase classname="mqttdiscover_test.tsx" name="onMessage SendEntityCommandTopic from this app" time="0.06">
    </testcase>
    <testcase classname="mqttdiscover_test.tsx" name="onMessage SendCommandTopic from this app" time="0.002">
    </testcase>
    <testcase classname="mqttdiscover_test.tsx" name="onMessage SendCommand with modbusValues" time="0.001">
    </testcase>
  </testsuite>
  <testsuite name="migrator_test.tsx" errors="0" failures="0" skipped="0" timestamp="2025-10-21T12:59:44" time="0.167" tests="1">
    <testcase classname="migrator_test.tsx" name="check device type status" time="0.067">
    </testcase>
  </testsuite>
  <testsuite name="ModbusRTUWorker_test.tsx" errors="0" failures="0" skipped="0" timestamp="2025-10-21T12:59:44" time="0.196" tests="10">
    <testcase classname="ModbusRTUWorker_test.tsx" name="Sequential read successful processing" time="0.002">
    </testcase>
    <testcase classname="ModbusRTUWorker_test.tsx" name="Sequential read error processing" time="0.001">
    </testcase>
    <testcase classname="ModbusRTUWorker_test.tsx" name="Sequential read error Illegal Function code" time="0">
    </testcase>
    <testcase classname="ModbusRTUWorker_test.tsx" name="Sequential read error processing with reconnect" time="0">
    </testcase>
    <testcase classname="ModbusRTUWorker_test.tsx" name="Sequential read error processing with split" time="0.004">
    </testcase>
    <testcase classname="ModbusRTUWorker_test.tsx" name="Sequential read error processing: Timeout" time="0">
    </testcase>
    <testcase classname="ModbusRTUWorker_test.tsx" name="updateCacheError" time="0.001">
    </testcase>
    <testcase classname="ModbusRTUWorker_test.tsx" name="cleanupCache" time="0">
    </testcase>
    <testcase classname="ModbusRTUWorker_test.tsx" name="Read from cache" time="0.001">
    </testcase>
    <testcase classname="ModbusRTUWorker_test.tsx" name="Sequential read and write successful processing" time="0">
    </testcase>
  </testsuite>
  <testsuite name="httpserver_fakeTimer_test.tsx" errors="0" failures="0" skipped="0" timestamp="2025-10-21T12:59:40" time="4.546" tests="1">
    <testcase classname="httpserver_fakeTimer_test.tsx" name="GET download/local" time="0.15">
    </testcase>
  </testsuite>
  <testsuite name="httpserver_test.tsx" errors="0" failures="0" skipped="1" timestamp="2025-10-21T12:59:40" time="5.019" tests="19">
    <testcase classname="httpserver_test.tsx" name="GET /devices" time="0.049">
    </testcase>
    <testcase classname="httpserver_test.tsx" name="GET /specsForSlave" time="0.005">
    </testcase>
    <testcase classname="httpserver_test.tsx" name="GET / (root)" time="0.006">
    </testcase>
    <testcase classname="httpserver_test.tsx" name="GET / (root) with Ingress header" time="0.003">
    </testcase>
    <testcase classname="httpserver_test.tsx" name="GET angular files" time="0.004">
    </testcase>
    <testcase classname="httpserver_test.tsx" name="GET local files" time="0.002">
    </testcase>
    <testcase classname="httpserver_test.tsx" name="register,login validate fails on github" time="0">
      <skipped/>
    </testcase>
    <testcase classname="httpserver_test.tsx" name="supervisor login" time="0.003">
    </testcase>
    <testcase classname="httpserver_test.tsx" name="GET //api/specifications" time="0.002">
    </testcase>
    <testcase classname="httpserver_test.tsx" name="GET /converters" time="0.003">
    </testcase>
    <testcase classname="httpserver_test.tsx" name="GET /modbus/specification" time="0.003">
    </testcase>
    <testcase classname="httpserver_test.tsx" name="GET /busses" time="0.005">
    </testcase>
    <testcase classname="httpserver_test.tsx" name="ADD/DELETE /busses" time="0.021">
    </testcase>
    <testcase classname="httpserver_test.tsx" name="post specification zip" time="0.002">
    </testcase>
    <testcase classname="httpserver_test.tsx" name="POST /mqtt/validate" time="0.498">
    </testcase>
    <testcase classname="httpserver_test.tsx" name="POST /specification: add new Specification rename device.specification" time="0.031">
    </testcase>
    <testcase classname="httpserver_test.tsx" name="POST /modbus/entity: update ModbusCache data" time="0.003">
    </testcase>
    <testcase classname="httpserver_test.tsx" name="POST /modbus/bus: update bus" time="0.011">
    </testcase>
    <testcase classname="httpserver_test.tsx" name="POST /upload: upload files, delete uploaded file, add url, delete url" time="0.016">
    </testcase>
  </testsuite>
  <testsuite name="config_test.tsx" errors="0" failures="0" skipped="0" timestamp="2025-10-21T12:59:40" time="5.11" tests="5">
    <testcase classname="config_test.tsx" name="register/login/validate" time="2.117">
    </testcase>
    <testcase classname="config_test.tsx" name="register/login/validate no Authentication" time="0.002">
    </testcase>
    <testcase classname="config_test.tsx" name="getFileNameFromName remove non ascii characters" time="0">
    </testcase>
    <testcase classname="config_test.tsx" name="writeConfiguration change password " time="0.002">
    </testcase>
    <testcase classname="config_test.tsx" name="getMqttConnectOptions: read connection from hassio" time="0.001">
    </testcase>
  </testsuite>
  <testsuite name="httpserver_get_specification_test.tsx" errors="0" failures="0" skipped="0" timestamp="2025-10-21T12:59:40" time="6.387" tests="2">
    <testcase classname="httpserver_get_specification_test.tsx" name="Discrete Inputs definition provided check" time="0.018">
    </testcase>
    <testcase classname="httpserver_get_specification_test.tsx" name="Coils definition provided check" time="0.003">
    </testcase>
  </testsuite>
</testsuites>